Traceback (most recent call last):
  File "/Users/matteo/miniforge3/envs/jbook/lib/python3.12/site-packages/jupyter_core/utils/__init__.py", line 154, in wrapped
    asyncio.get_running_loop()
RuntimeError: no running event loop

During handling of the above exception, another exception occurred:

Traceback (most recent call last):
  File "/Users/matteo/miniforge3/envs/jbook/lib/python3.12/site-packages/jupyter_cache/executors/utils.py", line 58, in single_nb_execution
    executenb(
  File "/Users/matteo/miniforge3/envs/jbook/lib/python3.12/site-packages/nbclient/client.py", line 1319, in execute
    return NotebookClient(nb=nb, resources=resources, km=km, **kwargs).execute()
           ^^^^^^^^^^^^^^^^^^^^^^^^^^^^^^^^^^^^^^^^^^^^^^^^^^^^^^^^^^^^^^^^^^^^^
  File "/Users/matteo/miniforge3/envs/jbook/lib/python3.12/site-packages/jupyter_core/utils/__init__.py", line 158, in wrapped
    return loop.run_until_complete(inner)
           ^^^^^^^^^^^^^^^^^^^^^^^^^^^^^^
  File "/Users/matteo/miniforge3/envs/jbook/lib/python3.12/asyncio/base_events.py", line 691, in run_until_complete
    return future.result()
           ^^^^^^^^^^^^^^^
  File "/Users/matteo/miniforge3/envs/jbook/lib/python3.12/site-packages/nbclient/client.py", line 709, in async_execute
    await self.async_execute_cell(
  File "/Users/matteo/miniforge3/envs/jbook/lib/python3.12/site-packages/nbclient/client.py", line 1062, in async_execute_cell
    await self._check_raise_for_error(cell, cell_index, exec_reply)
  File "/Users/matteo/miniforge3/envs/jbook/lib/python3.12/site-packages/nbclient/client.py", line 918, in _check_raise_for_error
    raise CellExecutionError.from_cell_and_msg(cell, exec_reply_content)
nbclient.exceptions.CellExecutionError: An error occurred while executing the following cell:
------------------
%matplotlib inline
## Import libraries to plot and do math
import matplotlib.pyplot as plt 
import numpy as np
from IPython.display import clear_output, display, HTML

## Useful functions
verlet=lambda r, r_past, force, mass, dt:  2*r-r_past+(dt**2)*force/mass
forcebox=lambda x, boxx,boxk: np.greater(np.abs(x),boxx)*(-boxk)*x


#Define the system's box
boxx=15 #x dimension of the simulation' box
boxy=15 #y dimension of the simulation' box
boxk=0.1  #k constant for harmonic repulsive force

#Number of particles
N=20

#mass of the particles
m=np.ones(N)

# Topology
M=np.array([[0, 1, 0, 0, 1, 0, 0, 0, 0, 0],
           [1, 0, 1, 0, 0, 0, 0, 0, 0, 0],
           [0, 1, 0, 1, 0, 0, 0, 0, 0, 0],
           [0, 0, 1, 0, 0, 1, 1, 0, 1, 0],
           [1, 0, 0, 0, 0, 1, 0, 0, 0, 0],
           [0, 0, 0, 1, 1, 0, 1, 0, 0, 0],
           [0, 0, 0, 1, 0, 0, 0, 1, 0, 0],
           [0, 0, 0, 1, 0, 0, 0, 0, 0, 1],
           [0, 0, 0, 1, 0, 0, 0, 0, 0, 1]]); 


M=np.array([[0, 1, 0, 0, 0, 0, 0, 0, 0, 1],
           [1, 0, 1, 0, 0, 0, 0, 0, 0, 1],
           [0, 1, 0, 1, 0, 0, 0, 0, 0, 1],
           [0, 0, 1, 0, 1, 0, 0, 0, 0, 1],
           [1, 0, 0, 1, 0, 1, 0, 0, 0, 1],
           [0, 0, 0, 0, 1, 0, 1, 0, 0, 1],
           [0, 0, 0, 0, 0, 1, 0, 1, 0, 1],
           [0, 0, 0, 0, 0, 0, 1, 0, 0, 1],
           [1, 1, 1, 1, 1, 1, 1, 1, 1, 1]]); 


M_gas_diatomic=np.array([[0, 1, 0, 0, 0, 0, 0, 0],
           [1, 0, 0, 0, 0, 0, 0, 0],
           [0, 0, 0, 1, 0, 0, 0, 0],
           [0, 0, 1, 0, 0, 0, 0, 0],
           [0, 0, 0, 0, 0, 1, 0, 0],
           [0, 0, 0, 0, 1, 0, 0, 0],
           [0, 0, 0, 0, 0, 0, 0, 1],
           [0, 0, 0, 0, 0, 0, 1, 0]]); 



######## "Force Field" Parameters #######
HS=1;   # Repulsive soft potential 
k=25.0; # Harmonic oscillator constant
req=1;  # Harmonic oscillator equilibrium distance
KAPPA=np.zeros([N,N]) #k*M
epsilon=0.1;


distance=lambda xi,xj,yi,yj : np.sqrt((xi-xj)**2+(yi-yj)**2)

##Use this function to implement different potentials
def forceij(xi,xj,yi,yj,r,HS,KAPPA,req,epsilon):  
        #Lennard Jones Potential
        dVdr=-48*epsilon*(1/(np.power(r,13))-0.5/(np.power(r,7)))         
        cx=-dVdr*((xi-xj))/r;  #Pairwise component of the force in x
        cy=-dVdr*((yi-yj))/r;  #Pairwise component of the force in y
             
        return [cx,cy]


def print_progress(iteration, total, bar_length=50):
    progress = (iteration / total)
    arrow = '*' * int(round(bar_length * progress))
    spaces = ' ' * (bar_length - len(arrow))
    
    clear_output(wait=True)
    display(HTML(f"""
    <div style="color: blue;">
    |{arrow}{spaces}| {int(progress * 100)}%
    </div>
    """))

------------------


[31m---------------------------------------------------------------------------[39m
[31mModuleNotFoundError[39m                       Traceback (most recent call last)
[36mCell[39m[36m [39m[32mIn[1][39m[32m, line 1[39m
[32m----> [39m[32m1[39m [43mget_ipython[49m[43m([49m[43m)[49m[43m.[49m[43mrun_line_magic[49m[43m([49m[33;43m'[39;49m[33;43mmatplotlib[39;49m[33;43m'[39;49m[43m,[49m[43m [49m[33;43m'[39;49m[33;43minline[39;49m[33;43m'[39;49m[43m)[49m
[32m      2[39m [38;5;66;03m## Import libraries to plot and do math[39;00m
[32m      3[39m [38;5;28;01mimport[39;00m[38;5;250m [39m[34;01mmatplotlib[39;00m[34;01m.[39;00m[34;01mpyplot[39;00m[38;5;250m [39m[38;5;28;01mas[39;00m[38;5;250m [39m[34;01mplt[39;00m 

[36mFile [39m[32m~/miniforge3/envs/jbook/lib/python3.12/site-packages/IPython/core/interactiveshell.py:2486[39m, in [36mInteractiveShell.run_line_magic[39m[34m(self, magic_name, line, _stack_depth)[39m
[32m   2484[39m     kwargs[[33m'[39m[33mlocal_ns[39m[33m'[39m] = [38;5;28mself[39m.get_local_scope(stack_depth)
[32m   2485[39m [38;5;28;01mwith[39;00m [38;5;28mself[39m.builtin_trap:
[32m-> [39m[32m2486[39m     result = [43mfn[49m[43m([49m[43m*[49m[43margs[49m[43m,[49m[43m [49m[43m*[49m[43m*[49m[43mkwargs[49m[43m)[49m
[32m   2488[39m [38;5;66;03m# The code below prevents the output from being displayed[39;00m
[32m   2489[39m [38;5;66;03m# when using magics with decorator @output_can_be_silenced[39;00m
[32m   2490[39m [38;5;66;03m# when the last Python token in the expression is a ';'.[39;00m
[32m   2491[39m [38;5;28;01mif[39;00m [38;5;28mgetattr[39m(fn, magic.MAGIC_OUTPUT_CAN_BE_SILENCED, [38;5;28;01mFalse[39;00m):

[36mFile [39m[32m~/miniforge3/envs/jbook/lib/python3.12/site-packages/IPython/core/magics/pylab.py:103[39m, in [36mPylabMagics.matplotlib[39m[34m(self, line)[39m
[32m     98[39m     [38;5;28mprint[39m(
[32m     99[39m         [33m"[39m[33mAvailable matplotlib backends: [39m[38;5;132;01m%s[39;00m[33m"[39m
[32m    100[39m         % _list_matplotlib_backends_and_gui_loops()
[32m    101[39m     )
[32m    102[39m [38;5;28;01melse[39;00m:
[32m--> [39m[32m103[39m     gui, backend = [38;5;28;43mself[39;49m[43m.[49m[43mshell[49m[43m.[49m[43menable_matplotlib[49m[43m([49m[43margs[49m[43m.[49m[43mgui[49m[43m)[49m
[32m    104[39m     [38;5;28mself[39m._show_matplotlib_backend(args.gui, backend)

[36mFile [39m[32m~/miniforge3/envs/jbook/lib/python3.12/site-packages/IPython/core/interactiveshell.py:3758[39m, in [36mInteractiveShell.enable_matplotlib[39m[34m(self, gui)[39m
[32m   3755[39m     [38;5;28;01mimport[39;00m[38;5;250m [39m[34;01mmatplotlib_inline[39;00m[34;01m.[39;00m[34;01mbackend_inline[39;00m
[32m   3757[39m [38;5;28;01mfrom[39;00m[38;5;250m [39m[34;01mIPython[39;00m[34;01m.[39;00m[34;01mcore[39;00m[38;5;250m [39m[38;5;28;01mimport[39;00m pylabtools [38;5;28;01mas[39;00m pt
[32m-> [39m[32m3758[39m gui, backend = [43mpt[49m[43m.[49m[43mfind_gui_and_backend[49m[43m([49m[43mgui[49m[43m,[49m[43m [49m[38;5;28;43mself[39;49m[43m.[49m[43mpylab_gui_select[49m[43m)[49m
[32m   3760[39m [38;5;28;01mif[39;00m gui != [38;5;28;01mNone[39;00m:
[32m   3761[39m     [38;5;66;03m# If we have our first gui selection, store it[39;00m
[32m   3762[39m     [38;5;28;01mif[39;00m [38;5;28mself[39m.pylab_gui_select [38;5;129;01mis[39;00m [38;5;28;01mNone[39;00m:

[36mFile [39m[32m~/miniforge3/envs/jbook/lib/python3.12/site-packages/IPython/core/pylabtools.py:338[39m, in [36mfind_gui_and_backend[39m[34m(gui, gui_select)[39m
[32m    321[39m [38;5;28;01mdef[39;00m[38;5;250m [39m[34mfind_gui_and_backend[39m(gui=[38;5;28;01mNone[39;00m, gui_select=[38;5;28;01mNone[39;00m):
[32m    322[39m [38;5;250m    [39m[33;03m"""Given a gui string return the gui and mpl backend.[39;00m
[32m    323[39m 
[32m    324[39m [33;03m    Parameters[39;00m
[32m   (...)[39m[32m    335[39m [33;03m    'WXAgg','Qt4Agg','module://matplotlib_inline.backend_inline','agg').[39;00m
[32m    336[39m [33;03m    """[39;00m
[32m--> [39m[32m338[39m     [38;5;28;01mimport[39;00m[38;5;250m [39m[34;01mmatplotlib[39;00m
[32m    340[39m     [38;5;28;01mif[39;00m _matplotlib_manages_backends():
[32m    341[39m         backend_registry = matplotlib.backends.registry.backend_registry

[31mModuleNotFoundError[39m: No module named 'matplotlib'

