Traceback (most recent call last):
  File "/Users/matteo/anaconda3/lib/python3.11/site-packages/jupyter_cache/executors/utils.py", line 58, in single_nb_execution
    executenb(
  File "/Users/matteo/anaconda3/lib/python3.11/site-packages/nbclient/client.py", line 1305, in execute
    return NotebookClient(nb=nb, resources=resources, km=km, **kwargs).execute()
           ^^^^^^^^^^^^^^^^^^^^^^^^^^^^^^^^^^^^^^^^^^^^^^^^^^^^^^^^^^^^^^^^^^^^^
  File "/Users/matteo/anaconda3/lib/python3.11/site-packages/jupyter_core/utils/__init__.py", line 165, in wrapped
    return loop.run_until_complete(inner)
           ^^^^^^^^^^^^^^^^^^^^^^^^^^^^^^
  File "/Users/matteo/anaconda3/lib/python3.11/asyncio/base_events.py", line 654, in run_until_complete
    return future.result()
           ^^^^^^^^^^^^^^^
  File "/Users/matteo/anaconda3/lib/python3.11/site-packages/nbclient/client.py", line 705, in async_execute
    await self.async_execute_cell(
  File "/Users/matteo/anaconda3/lib/python3.11/site-packages/nbclient/client.py", line 1058, in async_execute_cell
    await self._check_raise_for_error(cell, cell_index, exec_reply)
  File "/Users/matteo/anaconda3/lib/python3.11/site-packages/nbclient/client.py", line 914, in _check_raise_for_error
    raise CellExecutionError.from_cell_and_msg(cell, exec_reply_content)
nbclient.exceptions.CellExecutionError: An error occurred while executing the following cell:
------------------
## Define the timestep and the total time


## Initialise vectors 
vV=np.zeros(nsteps)
rV=np.zeros(nsteps)

## Useful functions
force=lambda x, k,  : -k*(x)
velocityV=lambda r, r_past, dt: (r_past-r)/2/dt
verlet=lambda r, r_past, force, mass, dt:  2*r-r_past+(dt**2)*force/mass

# initialise position and velocity for the first two points
time[0]=0;
time[1]=dt;
vV[0]=v0;
rV[0]=x0;
rV[1]=rV[0]+vV[0]*dt
vV[1]=velocityV(rV[0],rV[1],dt);    

# Compute trajectory by iteratively compute a new position with the Verlet expression:
for ts in np.arange(1,nsteps-1): #Cycle over timesteps
    f=force(r[ts],k) # Compute the force  
    rV[ts+1]=verlet(r[ts],r[ts-1],f,m,dt) # Compute the next position
    time[ts+1]=time[ts]+dt # update the clock
    vV[ts]=velocityV(r[ts-1],r[ts+1],dt) # compute the velocity     

plt.plot(time[:-1],rV[:-1],label='position');
plt.plot(time[:-1],vV[:-1],label='velocity');
plt.legend();
plt.xlabel('time');

------------------


[0;31m---------------------------------------------------------------------------[0m
[0;31mNameError[0m                                 Traceback (most recent call last)
Cell [0;32mIn[3], line 23[0m
[1;32m     21[0m [38;5;66;03m# Compute trajectory by iteratively compute a new position with the Verlet expression:[39;00m
[1;32m     22[0m [38;5;28;01mfor[39;00m ts [38;5;129;01min[39;00m np[38;5;241m.[39marange([38;5;241m1[39m,nsteps[38;5;241m-[39m[38;5;241m1[39m): [38;5;66;03m#Cycle over timesteps[39;00m
[0;32m---> 23[0m     f[38;5;241m=[39mforce(r[ts],k) [38;5;66;03m# Compute the force  [39;00m
[1;32m     24[0m     rV[ts[38;5;241m+[39m[38;5;241m1[39m][38;5;241m=[39mverlet(r[ts],r[ts[38;5;241m-[39m[38;5;241m1[39m],f,m,dt) [38;5;66;03m# Compute the next position[39;00m
[1;32m     25[0m     time[ts[38;5;241m+[39m[38;5;241m1[39m][38;5;241m=[39mtime[ts][38;5;241m+[39mdt [38;5;66;03m# update the clock[39;00m

[0;31mNameError[0m: name 'r' is not defined

